// Jest Snapshot v1, https://goo.gl/fbAQLP

exports[`Shape component renders a Shape 1`] = `
<Fragment>
  <p
    style={
      Object {
        "color": Object {
          "textColor": "#000000",
        },
      }
    }
  >
    hi
  </p>
  ,
  <div
    style={
      Object {
        "backgroundImage": Object {
          "blockColor": "#000000",
        },
        "height": "100px",
        "width": "100px",
      }
    }
  />
</Fragment>
`;
